============== Processing Project: BPD01U010001_Gen7 ==============
Found 0 recent work items.
============== Processing Project: BPD033010001_Gen8 ==============
Found 5 recent work items.
============== Processing Project: BPD04E010001_C2195 ==============
Found 30 recent work items.
Downloaded: WTS\M1391645-001_ERASSY-GROWTH-AZURE-COMPUTE-GP-MM-MIXMODE-GEN9.4-AMD-104-48U-STANDARD-22_RevJ.xlsx
Downloaded: WTS\M1391647-001_ERASSY-GROWTH-AZURE-COMPUTE-GP-MM-MIXMODE-GEN9.5-AMD-104-48U-STANDARD-22_RevH.xlsx
Downloaded: WTS\M1413491-001_ERASSY-GROWTH-EXO-BALANCED-MBX-GEN9.5-AMD-103-48U-STANDARD-9_RevF.xlsx
Downloaded: WTS\M1413488-001_ERASSY-GROWTH-EXO-BALANCED-MBX-GEN9.5-AMD-105-48U-STANDARD-20_RevG.xlsx
Downloaded: WTS\M1412851-001_ERASSY-GROWTH-EXO-BALANCED-MBX-NON-HBI-GEN9.5-AMD-103-48U-STANDARD-9_RevG.xlsx
Downloaded: WTS\M1412849-001_ERASSY-GROWTH-EXO-BALANCED-MBX-NON-HBI-GEN9.5-AMD-105-48U-STANDARD-20_RevG.xlsx
Downloaded: WTS\M1459683-001_ERASSY-GROWTH-EXO-BALANCED-MBX-GEN9.5-AMD-105-48U-STANDARD-20_RevC.xlsx
Downloaded: WTS\M1459434-001_ERASSY-GROWTH-EXO-BALANCED-MBX-NON-HBI-GEN9.5-AMD-105-48U-STANDARD-20_RevC.xlsx
Downloaded: WTS\M1414908-001_ERASSY-PILOT-EXO-BALANCED-MBX-NON-HBI-GEN9.5-AMD-105-48U-STANDARD-20_RevF.xlsx
Downloaded: WTS\M1386585-001_ERASSY-GROWTH-AZURE-COMPUTE-GP-MM-GEN9.4-AMD-104-48U-STANDARD-22_RevJ (1).xlsx
Downloaded: WTS\ECI_Part_M1391225-001.zip
Downloaded: WTS\ECI_Part_M1389529-001 (6).zip
Downloaded: WTS\M1391512-001_ERASSY-GROWTH-AZURE-COMPUTE-GP-MH-GEN9.5-AMD-104-48U-STANDARD-20_RevH.xlsx
Downloaded: WTS\ECI_Part_M1384934-001 (8).zip
Downloaded: WTS\M1384935-001_ERASSY-GROWTH-EXO-BALANCED-MBX-GEN9.1-AMD-105-48U-STANDARD-20_RevJ.xlsx
Downloaded: WTS\M1277236-001_ERASSY-GROWTH-EXO-BALANCED-MBX-GEN9.1-AMD-105-48U-STANDARD-20_RevY.xlsx
============== Processing Project: B10K2305_C219B ==============
Found 0 recent work items.
============== Processing Project: BPD04Q010001_C41A8 ==============
Found 0 recent work items.
